interactions:
- request:
    body: status=Toot%21
    headers:
      Accept:
      - '*/*'
      Accept-Encoding:
      - gzip, deflate
      Authorization:
      - Bearer __MASTODON_PY_TEST_ACCESS_TOKEN
      Connection:
      - keep-alive
      Content-Length:
      - '14'
      Content-Type:
      - application/x-www-form-urlencoded
      User-Agent:
      - tests/v311
    method: POST
    uri: http://localhost:3000/api/v1/statuses
  response:
    body:
      string: '{"id":"110249423079204953","created_at":"2023-04-23T17:58:11.029Z","in_reply_to_id":null,"in_reply_to_account_id":null,"sensitive":false,"spoiler_text":"","visibility":"public","language":"ja","uri":"http://localhost:3000/users/mastodonpy_test/statuses/110249423079204953","url":"http://localhost:3000/@mastodonpy_test/110249423079204953","replies_count":0,"reblogs_count":0,"favourites_count":0,"edited_at":null,"favourited":false,"reblogged":false,"muted":false,"bookmarked":false,"pinned":false,"content":"\u003cp\u003eToot!\u003c/p\u003e","filtered":[],"reblog":null,"application":{"name":"Mastodon.py
        test suite","website":null},"account":{"id":"110248832373441811","username":"mastodonpy_test","acct":"mastodonpy_test","display_name":"John
        Lennon","locked":true,"bot":false,"discoverable":null,"group":false,"created_at":"2023-04-23T00:00:00.000Z","note":"\u003cp\u003eI
        walk funny\u003c/p\u003e","url":"http://localhost:3000/@mastodonpy_test","avatar":"http://localhost:3000/system/accounts/avatars/110/248/832/373/441/811/original/a3bffa303d66a3f3.jpg","avatar_static":"http://localhost:3000/system/accounts/avatars/110/248/832/373/441/811/original/a3bffa303d66a3f3.jpg","header":"http://localhost:3000/system/accounts/headers/110/248/832/373/441/811/original/9c722424942444ff.jpg","header_static":"http://localhost:3000/system/accounts/headers/110/248/832/373/441/811/original/9c722424942444ff.jpg","followers_count":0,"following_count":0,"statuses_count":12,"last_status_at":"2023-04-23","noindex":false,"emojis":[],"roles":[],"fields":[{"name":"bread","value":"toasty.","verified_at":null},{"name":"lasagna","value":"no!!!","verified_at":null}]},"media_attachments":[],"mentions":[],"tags":[],"emojis":[],"card":null,"poll":null}'
    headers:
      Cache-Control:
      - private, no-store
      Content-Security-Policy:
      - default-src 'none'; frame-ancestors 'none'; form-action 'none'
      Content-Type:
      - application/json; charset=utf-8
      ETag:
      - W/"5c0380e3177a0f36f1fba546fd11e8f0"
      Referrer-Policy:
      - strict-origin-when-cross-origin
      Transfer-Encoding:
      - chunked
      Vary:
      - Accept, Origin
      X-Content-Type-Options:
      - nosniff
      X-Download-Options:
      - noopen
      X-Frame-Options:
      - SAMEORIGIN
      X-Permitted-Cross-Domain-Policies:
      - none
      X-RateLimit-Limit:
      - '300'
      X-RateLimit-Remaining:
      - '200'
      X-RateLimit-Reset:
      - '2023-04-23T18:00:00.062946Z'
      X-Request-Id:
      - 7d18be78-10d2-4ba3-8fc6-d6d74e1b0dcb
      X-Runtime:
      - '0.051449'
      X-XSS-Protection:
      - 1; mode=block
    status:
      code: 200
      message: OK
- request:
    body: null
    headers:
      Accept:
      - '*/*'
      Accept-Encoding:
      - gzip, deflate
      Authorization:
      - Bearer __MASTODON_PY_TEST_ACCESS_TOKEN
      Connection:
      - keep-alive
      Content-Length:
      - '0'
      User-Agent:
      - tests/v311
    method: POST
    uri: http://localhost:3000/api/v1/statuses/110249423079204953/mute
  response:
    body:
      string: '{"id":"110249423079204953","created_at":"2023-04-23T17:58:11.029Z","in_reply_to_id":null,"in_reply_to_account_id":null,"sensitive":false,"spoiler_text":"","visibility":"public","language":"ja","uri":"http://localhost:3000/users/mastodonpy_test/statuses/110249423079204953","url":"http://localhost:3000/@mastodonpy_test/110249423079204953","replies_count":0,"reblogs_count":0,"favourites_count":0,"edited_at":null,"favourited":false,"reblogged":false,"muted":true,"bookmarked":false,"pinned":false,"content":"\u003cp\u003eToot!\u003c/p\u003e","filtered":[],"reblog":null,"application":{"name":"Mastodon.py
        test suite","website":null},"account":{"id":"110248832373441811","username":"mastodonpy_test","acct":"mastodonpy_test","display_name":"John
        Lennon","locked":true,"bot":false,"discoverable":null,"group":false,"created_at":"2023-04-23T00:00:00.000Z","note":"\u003cp\u003eI
        walk funny\u003c/p\u003e","url":"http://localhost:3000/@mastodonpy_test","avatar":"http://localhost:3000/system/accounts/avatars/110/248/832/373/441/811/original/a3bffa303d66a3f3.jpg","avatar_static":"http://localhost:3000/system/accounts/avatars/110/248/832/373/441/811/original/a3bffa303d66a3f3.jpg","header":"http://localhost:3000/system/accounts/headers/110/248/832/373/441/811/original/9c722424942444ff.jpg","header_static":"http://localhost:3000/system/accounts/headers/110/248/832/373/441/811/original/9c722424942444ff.jpg","followers_count":0,"following_count":0,"statuses_count":11,"last_status_at":"2023-04-23","noindex":false,"emojis":[],"roles":[],"fields":[{"name":"bread","value":"toasty.","verified_at":null},{"name":"lasagna","value":"no!!!","verified_at":null}]},"media_attachments":[],"mentions":[],"tags":[],"emojis":[],"card":null,"poll":null}'
    headers:
      Cache-Control:
      - private, no-store
      Content-Security-Policy:
      - default-src 'none'; frame-ancestors 'none'; form-action 'none'
      Content-Type:
      - application/json; charset=utf-8
      ETag:
      - W/"bcf569d9489d63b6cc8ba9ae006e3d62"
      Referrer-Policy:
      - strict-origin-when-cross-origin
      Transfer-Encoding:
      - chunked
      Vary:
      - Accept, Origin
      X-Content-Type-Options:
      - nosniff
      X-Download-Options:
      - noopen
      X-Frame-Options:
      - SAMEORIGIN
      X-Permitted-Cross-Domain-Policies:
      - none
      X-Request-Id:
      - d5e6fc34-501d-4984-89fd-5fc8614cf980
      X-Runtime:
      - '0.051694'
      X-XSS-Protection:
      - 1; mode=block
    status:
      code: 200
      message: OK
- request:
    body: null
    headers:
      Accept:
      - '*/*'
      Accept-Encoding:
      - gzip, deflate
      Authorization:
      - Bearer __MASTODON_PY_TEST_ACCESS_TOKEN
      Connection:
      - keep-alive
      Content-Length:
      - '0'
      User-Agent:
      - tests/v311
    method: POST
    uri: http://localhost:3000/api/v1/statuses/110249423079204953/unmute
  response:
    body:
      string: '{"id":"110249423079204953","created_at":"2023-04-23T17:58:11.029Z","in_reply_to_id":null,"in_reply_to_account_id":null,"sensitive":false,"spoiler_text":"","visibility":"public","language":"ja","uri":"http://localhost:3000/users/mastodonpy_test/statuses/110249423079204953","url":"http://localhost:3000/@mastodonpy_test/110249423079204953","replies_count":0,"reblogs_count":0,"favourites_count":0,"edited_at":null,"favourited":false,"reblogged":false,"muted":false,"bookmarked":false,"pinned":false,"content":"\u003cp\u003eToot!\u003c/p\u003e","filtered":[],"reblog":null,"application":{"name":"Mastodon.py
        test suite","website":null},"account":{"id":"110248832373441811","username":"mastodonpy_test","acct":"mastodonpy_test","display_name":"John
        Lennon","locked":true,"bot":false,"discoverable":null,"group":false,"created_at":"2023-04-23T00:00:00.000Z","note":"\u003cp\u003eI
        walk funny\u003c/p\u003e","url":"http://localhost:3000/@mastodonpy_test","avatar":"http://localhost:3000/system/accounts/avatars/110/248/832/373/441/811/original/a3bffa303d66a3f3.jpg","avatar_static":"http://localhost:3000/system/accounts/avatars/110/248/832/373/441/811/original/a3bffa303d66a3f3.jpg","header":"http://localhost:3000/system/accounts/headers/110/248/832/373/441/811/original/9c722424942444ff.jpg","header_static":"http://localhost:3000/system/accounts/headers/110/248/832/373/441/811/original/9c722424942444ff.jpg","followers_count":0,"following_count":0,"statuses_count":11,"last_status_at":"2023-04-23","noindex":false,"emojis":[],"roles":[],"fields":[{"name":"bread","value":"toasty.","verified_at":null},{"name":"lasagna","value":"no!!!","verified_at":null}]},"media_attachments":[],"mentions":[],"tags":[],"emojis":[],"card":null,"poll":null}'
    headers:
      Cache-Control:
      - private, no-store
      Content-Security-Policy:
      - default-src 'none'; frame-ancestors 'none'; form-action 'none'
      Content-Type:
      - application/json; charset=utf-8
      ETag:
      - W/"fc38813695574081e03d32fbc4bc8944"
      Referrer-Policy:
      - strict-origin-when-cross-origin
      Transfer-Encoding:
      - chunked
      Vary:
      - Accept, Origin
      X-Content-Type-Options:
      - nosniff
      X-Download-Options:
      - noopen
      X-Frame-Options:
      - SAMEORIGIN
      X-Permitted-Cross-Domain-Policies:
      - none
      X-Request-Id:
      - 9bdc94e3-ac53-4a70-a5a9-4449391107df
      X-Runtime:
      - '0.039606'
      X-XSS-Protection:
      - 1; mode=block
    status:
      code: 200
      message: OK
- request:
    body: null
    headers:
      Accept:
      - '*/*'
      Accept-Encoding:
      - gzip, deflate
      Authorization:
      - Bearer __MASTODON_PY_TEST_ACCESS_TOKEN
      Connection:
      - keep-alive
      Content-Length:
      - '0'
      User-Agent:
      - tests/v311
    method: DELETE
    uri: http://localhost:3000/api/v1/statuses/110249423079204953
  response:
    body:
      string: '{"id":"110249423079204953","created_at":"2023-04-23T17:58:11.029Z","in_reply_to_id":null,"in_reply_to_account_id":null,"sensitive":false,"spoiler_text":"","visibility":"public","language":"ja","uri":"http://localhost:3000/users/mastodonpy_test/statuses/110249423079204953","url":"http://localhost:3000/@mastodonpy_test/110249423079204953","replies_count":0,"reblogs_count":0,"favourites_count":0,"edited_at":null,"favourited":false,"reblogged":false,"muted":false,"bookmarked":false,"pinned":false,"text":"Toot!","filtered":[],"reblog":null,"application":{"name":"Mastodon.py
        test suite","website":null},"account":{"id":"110248832373441811","username":"mastodonpy_test","acct":"mastodonpy_test","display_name":"John
        Lennon","locked":true,"bot":false,"discoverable":null,"group":false,"created_at":"2023-04-23T00:00:00.000Z","note":"\u003cp\u003eI
        walk funny\u003c/p\u003e","url":"http://localhost:3000/@mastodonpy_test","avatar":"http://localhost:3000/system/accounts/avatars/110/248/832/373/441/811/original/a3bffa303d66a3f3.jpg","avatar_static":"http://localhost:3000/system/accounts/avatars/110/248/832/373/441/811/original/a3bffa303d66a3f3.jpg","header":"http://localhost:3000/system/accounts/headers/110/248/832/373/441/811/original/9c722424942444ff.jpg","header_static":"http://localhost:3000/system/accounts/headers/110/248/832/373/441/811/original/9c722424942444ff.jpg","followers_count":0,"following_count":0,"statuses_count":10,"last_status_at":"2023-04-23","noindex":false,"emojis":[],"roles":[],"fields":[{"name":"bread","value":"toasty.","verified_at":null},{"name":"lasagna","value":"no!!!","verified_at":null}]},"media_attachments":[],"mentions":[],"tags":[],"emojis":[],"card":null,"poll":null}'
    headers:
      Cache-Control:
      - private, no-store
      Content-Security-Policy:
      - default-src 'none'; frame-ancestors 'none'; form-action 'none'
      Content-Type:
      - application/json; charset=utf-8
      ETag:
      - W/"8fa772dab1b482c1a5a224b4d0b706d3"
      Referrer-Policy:
      - strict-origin-when-cross-origin
      Transfer-Encoding:
      - chunked
      Vary:
      - Accept, Origin
      X-Content-Type-Options:
      - nosniff
      X-Download-Options:
      - noopen
      X-Frame-Options:
      - SAMEORIGIN
      X-Permitted-Cross-Domain-Policies:
      - none
      X-Request-Id:
      - cde2446f-5a6e-4b91-adb0-40fa6e046a8e
      X-Runtime:
      - '0.038635'
      X-XSS-Protection:
      - 1; mode=block
    status:
      code: 200
      message: OK
version: 1
