interactions:
- request:
    body: status=Toot%21
    headers:
      Accept:
      - '*/*'
      Accept-Encoding:
      - gzip, deflate
      Authorization:
      - Bearer __MASTODON_PY_TEST_ACCESS_TOKEN
      Connection:
      - keep-alive
      Content-Length:
      - '14'
      Content-Type:
      - application/x-www-form-urlencoded
      User-Agent:
      - tests/v311
    method: POST
    uri: http://localhost:3000/api/v1/statuses
  response:
    body:
      string: '{"id":"110249422931830586","created_at":"2023-04-23T17:58:08.781Z","in_reply_to_id":null,"in_reply_to_account_id":null,"sensitive":false,"spoiler_text":"","visibility":"public","language":"ja","uri":"http://localhost:3000/users/mastodonpy_test/statuses/110249422931830586","url":"http://localhost:3000/@mastodonpy_test/110249422931830586","replies_count":0,"reblogs_count":0,"favourites_count":0,"edited_at":null,"favourited":false,"reblogged":false,"muted":false,"bookmarked":false,"pinned":false,"content":"\u003cp\u003eToot!\u003c/p\u003e","filtered":[],"reblog":null,"application":{"name":"Mastodon.py
        test suite","website":null},"account":{"id":"110248832373441811","username":"mastodonpy_test","acct":"mastodonpy_test","display_name":"John
        Lennon","locked":true,"bot":false,"discoverable":null,"group":false,"created_at":"2023-04-23T00:00:00.000Z","note":"\u003cp\u003eI
        walk funny\u003c/p\u003e","url":"http://localhost:3000/@mastodonpy_test","avatar":"http://localhost:3000/system/accounts/avatars/110/248/832/373/441/811/original/a3bffa303d66a3f3.jpg","avatar_static":"http://localhost:3000/system/accounts/avatars/110/248/832/373/441/811/original/a3bffa303d66a3f3.jpg","header":"http://localhost:3000/system/accounts/headers/110/248/832/373/441/811/original/9c722424942444ff.jpg","header_static":"http://localhost:3000/system/accounts/headers/110/248/832/373/441/811/original/9c722424942444ff.jpg","followers_count":0,"following_count":0,"statuses_count":4,"last_status_at":"2023-04-23","noindex":false,"emojis":[],"roles":[],"fields":[{"name":"bread","value":"toasty.","verified_at":null},{"name":"lasagna","value":"no!!!","verified_at":null}]},"media_attachments":[],"mentions":[],"tags":[],"emojis":[],"card":null,"poll":null}'
    headers:
      Cache-Control:
      - private, no-store
      Content-Security-Policy:
      - default-src 'none'; frame-ancestors 'none'; form-action 'none'
      Content-Type:
      - application/json; charset=utf-8
      ETag:
      - W/"9588573b7d85adcfa133f49433219a60"
      Referrer-Policy:
      - strict-origin-when-cross-origin
      Transfer-Encoding:
      - chunked
      Vary:
      - Accept, Origin
      X-Content-Type-Options:
      - nosniff
      X-Download-Options:
      - noopen
      X-Frame-Options:
      - SAMEORIGIN
      X-Permitted-Cross-Domain-Policies:
      - none
      X-RateLimit-Limit:
      - '300'
      X-RateLimit-Remaining:
      - '216'
      X-RateLimit-Reset:
      - '2023-04-23T18:00:00.813142Z'
      X-Request-Id:
      - 0244b94b-ccda-4e89-afab-75f78b1a4a4a
      X-Runtime:
      - '0.048529'
      X-XSS-Protection:
      - 1; mode=block
    status:
      code: 200
      message: OK
- request:
    body: null
    headers:
      Accept:
      - '*/*'
      Accept-Encoding:
      - gzip, deflate
      Authorization:
      - Bearer __MASTODON_PY_TEST_ACCESS_TOKEN
      Connection:
      - keep-alive
      Content-Length:
      - '0'
      User-Agent:
      - tests/v311
    method: POST
    uri: http://localhost:3000/api/v1/statuses/110249422931830586/reblog
  response:
    body:
      string: '{"id":"110249422935501477","created_at":"2023-04-23T17:58:08.836Z","in_reply_to_id":null,"in_reply_to_account_id":null,"sensitive":false,"spoiler_text":"","visibility":"public","language":null,"uri":"http://localhost:3000/users/mastodonpy_test/statuses/110249422935501477/activity","url":"http://localhost:3000/users/mastodonpy_test/statuses/110249422935501477/activity","replies_count":0,"reblogs_count":0,"favourites_count":0,"edited_at":null,"favourited":false,"reblogged":true,"muted":false,"bookmarked":false,"content":"","filtered":[],"reblog":{"id":"110249422931830586","created_at":"2023-04-23T17:58:08.781Z","in_reply_to_id":null,"in_reply_to_account_id":null,"sensitive":false,"spoiler_text":"","visibility":"public","language":"ja","uri":"http://localhost:3000/users/mastodonpy_test/statuses/110249422931830586","url":"http://localhost:3000/@mastodonpy_test/110249422931830586","replies_count":0,"reblogs_count":1,"favourites_count":0,"edited_at":null,"favourited":false,"reblogged":true,"muted":false,"bookmarked":false,"pinned":false,"content":"\u003cp\u003eToot!\u003c/p\u003e","filtered":[],"reblog":null,"application":{"name":"Mastodon.py
        test suite","website":null},"account":{"id":"110248832373441811","username":"mastodonpy_test","acct":"mastodonpy_test","display_name":"John
        Lennon","locked":true,"bot":false,"discoverable":null,"group":false,"created_at":"2023-04-23T00:00:00.000Z","note":"\u003cp\u003eI
        walk funny\u003c/p\u003e","url":"http://localhost:3000/@mastodonpy_test","avatar":"http://localhost:3000/system/accounts/avatars/110/248/832/373/441/811/original/a3bffa303d66a3f3.jpg","avatar_static":"http://localhost:3000/system/accounts/avatars/110/248/832/373/441/811/original/a3bffa303d66a3f3.jpg","header":"http://localhost:3000/system/accounts/headers/110/248/832/373/441/811/original/9c722424942444ff.jpg","header_static":"http://localhost:3000/system/accounts/headers/110/248/832/373/441/811/original/9c722424942444ff.jpg","followers_count":0,"following_count":0,"statuses_count":4,"last_status_at":"2023-04-23","noindex":false,"emojis":[],"roles":[],"fields":[{"name":"bread","value":"toasty.","verified_at":null},{"name":"lasagna","value":"no!!!","verified_at":null}]},"media_attachments":[],"mentions":[],"tags":[],"emojis":[],"card":null,"poll":null},"application":null,"account":{"id":"110248832373441811","username":"mastodonpy_test","acct":"mastodonpy_test","display_name":"John
        Lennon","locked":true,"bot":false,"discoverable":null,"group":false,"created_at":"2023-04-23T00:00:00.000Z","note":"\u003cp\u003eI
        walk funny\u003c/p\u003e","url":"http://localhost:3000/@mastodonpy_test","avatar":"http://localhost:3000/system/accounts/avatars/110/248/832/373/441/811/original/a3bffa303d66a3f3.jpg","avatar_static":"http://localhost:3000/system/accounts/avatars/110/248/832/373/441/811/original/a3bffa303d66a3f3.jpg","header":"http://localhost:3000/system/accounts/headers/110/248/832/373/441/811/original/9c722424942444ff.jpg","header_static":"http://localhost:3000/system/accounts/headers/110/248/832/373/441/811/original/9c722424942444ff.jpg","followers_count":0,"following_count":0,"statuses_count":4,"last_status_at":"2023-04-23","noindex":false,"emojis":[],"roles":[],"fields":[{"name":"bread","value":"toasty.","verified_at":null},{"name":"lasagna","value":"no!!!","verified_at":null}]},"media_attachments":[],"mentions":[],"tags":[],"emojis":[],"card":null,"poll":null}'
    headers:
      Cache-Control:
      - private, no-store
      Content-Security-Policy:
      - default-src 'none'; frame-ancestors 'none'; form-action 'none'
      Content-Type:
      - application/json; charset=utf-8
      ETag:
      - W/"f64cc92a14efae8ea84ebf79f5aca8d9"
      Referrer-Policy:
      - strict-origin-when-cross-origin
      Transfer-Encoding:
      - chunked
      Vary:
      - Accept, Origin
      X-Content-Type-Options:
      - nosniff
      X-Download-Options:
      - noopen
      X-Frame-Options:
      - SAMEORIGIN
      X-Permitted-Cross-Domain-Policies:
      - none
      X-RateLimit-Limit:
      - '300'
      X-RateLimit-Remaining:
      - '216'
      X-RateLimit-Reset:
      - '2023-04-23T18:00:00.885321Z'
      X-Request-Id:
      - 544142d1-72c9-412c-8b65-457aba5d2737
      X-Runtime:
      - '0.066721'
      X-XSS-Protection:
      - 1; mode=block
    status:
      code: 200
      message: OK
- request:
    body: null
    headers:
      Accept:
      - '*/*'
      Accept-Encoding:
      - gzip, deflate
      Authorization:
      - Bearer __MASTODON_PY_TEST_ACCESS_TOKEN
      Connection:
      - keep-alive
      User-Agent:
      - tests/v311
    method: GET
    uri: http://localhost:3000/api/v1/statuses/110249422931830586/reblogged_by
  response:
    body:
      string: '[{"id":"110248832373441811","username":"mastodonpy_test","acct":"mastodonpy_test","display_name":"John
        Lennon","locked":true,"bot":false,"discoverable":null,"group":false,"created_at":"2023-04-23T00:00:00.000Z","note":"\u003cp\u003eI
        walk funny\u003c/p\u003e","url":"http://localhost:3000/@mastodonpy_test","avatar":"http://localhost:3000/system/accounts/avatars/110/248/832/373/441/811/original/a3bffa303d66a3f3.jpg","avatar_static":"http://localhost:3000/system/accounts/avatars/110/248/832/373/441/811/original/a3bffa303d66a3f3.jpg","header":"http://localhost:3000/system/accounts/headers/110/248/832/373/441/811/original/9c722424942444ff.jpg","header_static":"http://localhost:3000/system/accounts/headers/110/248/832/373/441/811/original/9c722424942444ff.jpg","followers_count":0,"following_count":0,"statuses_count":4,"last_status_at":"2023-04-23","noindex":false,"emojis":[],"roles":[],"fields":[{"name":"bread","value":"toasty.","verified_at":null},{"name":"lasagna","value":"no!!!","verified_at":null}]}]'
    headers:
      Cache-Control:
      - private, no-store
      Content-Security-Policy:
      - default-src 'none'; frame-ancestors 'none'; form-action 'none'
      Content-Type:
      - application/json; charset=utf-8
      ETag:
      - W/"6489e9c4c09db55c79fc7abf506171d2"
      Link:
      - <http://localhost:3000/api/v1/statuses/110249422931830586/reblogged_by?since_id=110249422935501477>;
        rel="prev"
      Referrer-Policy:
      - strict-origin-when-cross-origin
      Transfer-Encoding:
      - chunked
      Vary:
      - Accept, Origin
      X-Content-Type-Options:
      - nosniff
      X-Download-Options:
      - noopen
      X-Frame-Options:
      - SAMEORIGIN
      X-Permitted-Cross-Domain-Policies:
      - none
      X-Request-Id:
      - db383b17-d7d2-4a6e-8cab-0c1808d7c5e1
      X-Runtime:
      - '0.023907'
      X-XSS-Protection:
      - 1; mode=block
    status:
      code: 200
      message: OK
- request:
    body: null
    headers:
      Accept:
      - '*/*'
      Accept-Encoding:
      - gzip, deflate
      Authorization:
      - Bearer __MASTODON_PY_TEST_ACCESS_TOKEN
      Connection:
      - keep-alive
      Content-Length:
      - '0'
      User-Agent:
      - tests/v311
    method: DELETE
    uri: http://localhost:3000/api/v1/statuses/110249422931830586
  response:
    body:
      string: '{"id":"110249422931830586","created_at":"2023-04-23T17:58:08.781Z","in_reply_to_id":null,"in_reply_to_account_id":null,"sensitive":false,"spoiler_text":"","visibility":"public","language":"ja","uri":"http://localhost:3000/users/mastodonpy_test/statuses/110249422931830586","url":"http://localhost:3000/@mastodonpy_test/110249422931830586","replies_count":0,"reblogs_count":1,"favourites_count":0,"edited_at":null,"favourited":false,"reblogged":false,"muted":false,"bookmarked":false,"pinned":false,"text":"Toot!","filtered":[],"reblog":null,"application":{"name":"Mastodon.py
        test suite","website":null},"account":{"id":"110248832373441811","username":"mastodonpy_test","acct":"mastodonpy_test","display_name":"John
        Lennon","locked":true,"bot":false,"discoverable":null,"group":false,"created_at":"2023-04-23T00:00:00.000Z","note":"\u003cp\u003eI
        walk funny\u003c/p\u003e","url":"http://localhost:3000/@mastodonpy_test","avatar":"http://localhost:3000/system/accounts/avatars/110/248/832/373/441/811/original/a3bffa303d66a3f3.jpg","avatar_static":"http://localhost:3000/system/accounts/avatars/110/248/832/373/441/811/original/a3bffa303d66a3f3.jpg","header":"http://localhost:3000/system/accounts/headers/110/248/832/373/441/811/original/9c722424942444ff.jpg","header_static":"http://localhost:3000/system/accounts/headers/110/248/832/373/441/811/original/9c722424942444ff.jpg","followers_count":0,"following_count":0,"statuses_count":3,"last_status_at":"2023-04-23","noindex":false,"emojis":[],"roles":[],"fields":[{"name":"bread","value":"toasty.","verified_at":null},{"name":"lasagna","value":"no!!!","verified_at":null}]},"media_attachments":[],"mentions":[],"tags":[],"emojis":[],"card":null,"poll":null}'
    headers:
      Cache-Control:
      - private, no-store
      Content-Security-Policy:
      - default-src 'none'; frame-ancestors 'none'; form-action 'none'
      Content-Type:
      - application/json; charset=utf-8
      ETag:
      - W/"6de20e47924d0d31d014c8c5e2975a42"
      Referrer-Policy:
      - strict-origin-when-cross-origin
      Transfer-Encoding:
      - chunked
      Vary:
      - Accept, Origin
      X-Content-Type-Options:
      - nosniff
      X-Download-Options:
      - noopen
      X-Frame-Options:
      - SAMEORIGIN
      X-Permitted-Cross-Domain-Policies:
      - none
      X-Request-Id:
      - d3b5f015-4cf6-49d0-bf5f-83466df016a3
      X-Runtime:
      - '0.046395'
      X-XSS-Protection:
      - 1; mode=block
    status:
      code: 200
      message: OK
version: 1
