interactions:
- request:
    body: null
    headers:
      Accept:
      - '*/*'
      Accept-Encoding:
      - gzip, deflate
      Authorization:
      - Bearer __MASTODON_PY_TEST_ACCESS_TOKEN
      Connection:
      - keep-alive
      User-Agent:
      - tests/v311
    method: GET
    uri: http://localhost:3000/api/v1/accounts/verify_credentials
  response:
    body:
      string: '{"id":"110248832373441811","username":"mastodonpy_test","acct":"mastodonpy_test","display_name":"John
        Lennon","locked":true,"bot":false,"discoverable":null,"group":false,"created_at":"2023-04-23T00:00:00.000Z","note":"\u003cp\u003eI
        walk funny\u003c/p\u003e","url":"http://localhost:3000/@mastodonpy_test","avatar":"http://localhost:3000/system/accounts/avatars/110/248/832/373/441/811/original/a3bffa303d66a3f3.jpg","avatar_static":"http://localhost:3000/system/accounts/avatars/110/248/832/373/441/811/original/a3bffa303d66a3f3.jpg","header":"http://localhost:3000/system/accounts/headers/110/248/832/373/441/811/original/9c722424942444ff.jpg","header_static":"http://localhost:3000/system/accounts/headers/110/248/832/373/441/811/original/9c722424942444ff.jpg","followers_count":0,"following_count":0,"statuses_count":6,"last_status_at":"2023-04-23","noindex":false,"source":{"privacy":"public","sensitive":false,"language":null,"note":"I
        walk funny","fields":[{"name":"bread","value":"toasty.","verified_at":null},{"name":"lasagna","value":"no!!!","verified_at":null}],"follow_requests_count":0},"emojis":[],"roles":[],"fields":[{"name":"bread","value":"toasty.","verified_at":null},{"name":"lasagna","value":"no!!!","verified_at":null}],"role":{"id":"-99","name":"","permissions":"65536","color":"","highlighted":false}}'
    headers:
      Cache-Control:
      - private, no-store
      Content-Security-Policy:
      - default-src 'none'; frame-ancestors 'none'; form-action 'none'
      Content-Type:
      - application/json; charset=utf-8
      ETag:
      - W/"7ded590f071561a16b899c69885317dc"
      Referrer-Policy:
      - strict-origin-when-cross-origin
      Transfer-Encoding:
      - chunked
      Vary:
      - Accept, Origin
      X-Content-Type-Options:
      - nosniff
      X-Download-Options:
      - noopen
      X-Frame-Options:
      - SAMEORIGIN
      X-Permitted-Cross-Domain-Policies:
      - none
      X-Request-Id:
      - 0e289ee1-af76-44e1-b42b-11b9daafdba8
      X-Runtime:
      - '0.018811'
      X-XSS-Protection:
      - 1; mode=block
    status:
      code: 200
      message: OK
- request:
    body: status=%40admin+ilu+bby+%3B3&visibility=direct
    headers:
      Accept:
      - '*/*'
      Accept-Encoding:
      - gzip, deflate
      Authorization:
      - Bearer __MASTODON_PY_TEST_ACCESS_TOKEN
      Connection:
      - keep-alive
      Content-Length:
      - '46'
      Content-Type:
      - application/x-www-form-urlencoded
      User-Agent:
      - tests/v311
    method: POST
    uri: http://localhost:3000/api/v1/statuses
  response:
    body:
      string: '{"id":"110249429345788658","created_at":"2023-04-23T17:59:46.650Z","in_reply_to_id":null,"in_reply_to_account_id":null,"sensitive":false,"spoiler_text":"","visibility":"direct","language":"ja","uri":"http://localhost:3000/users/mastodonpy_test/statuses/110249429345788658","url":"http://localhost:3000/@mastodonpy_test/110249429345788658","replies_count":0,"reblogs_count":0,"favourites_count":0,"edited_at":null,"favourited":false,"reblogged":false,"muted":false,"bookmarked":false,"content":"\u003cp\u003e\u003cspan
        class=\"h-card\"\u003e\u003ca href=\"http://localhost:3000/@admin\" class=\"u-url
        mention\"\u003e@\u003cspan\u003eadmin\u003c/span\u003e\u003c/a\u003e\u003c/span\u003e
        ilu bby ;3\u003c/p\u003e","filtered":[],"reblog":null,"application":{"name":"Mastodon.py
        test suite","website":null},"account":{"id":"110248832373441811","username":"mastodonpy_test","acct":"mastodonpy_test","display_name":"John
        Lennon","locked":true,"bot":false,"discoverable":null,"group":false,"created_at":"2023-04-23T00:00:00.000Z","note":"\u003cp\u003eI
        walk funny\u003c/p\u003e","url":"http://localhost:3000/@mastodonpy_test","avatar":"http://localhost:3000/system/accounts/avatars/110/248/832/373/441/811/original/a3bffa303d66a3f3.jpg","avatar_static":"http://localhost:3000/system/accounts/avatars/110/248/832/373/441/811/original/a3bffa303d66a3f3.jpg","header":"http://localhost:3000/system/accounts/headers/110/248/832/373/441/811/original/9c722424942444ff.jpg","header_static":"http://localhost:3000/system/accounts/headers/110/248/832/373/441/811/original/9c722424942444ff.jpg","followers_count":0,"following_count":0,"statuses_count":6,"last_status_at":"2023-04-23","noindex":false,"emojis":[],"roles":[],"fields":[{"name":"bread","value":"toasty.","verified_at":null},{"name":"lasagna","value":"no!!!","verified_at":null}]},"media_attachments":[],"mentions":[{"id":"110248832095206210","username":"admin","url":"http://localhost:3000/@admin","acct":"admin"}],"tags":[],"emojis":[],"card":null,"poll":null}'
    headers:
      Cache-Control:
      - private, no-store
      Content-Security-Policy:
      - default-src 'none'; frame-ancestors 'none'; form-action 'none'
      Content-Type:
      - application/json; charset=utf-8
      ETag:
      - W/"4ef0a1effd9c04cd7bec6075db13d8a1"
      Referrer-Policy:
      - strict-origin-when-cross-origin
      Transfer-Encoding:
      - chunked
      Vary:
      - Accept, Origin
      X-Content-Type-Options:
      - nosniff
      X-Download-Options:
      - noopen
      X-Frame-Options:
      - SAMEORIGIN
      X-Permitted-Cross-Domain-Policies:
      - none
      X-RateLimit-Limit:
      - '300'
      X-RateLimit-Remaining:
      - '188'
      X-RateLimit-Reset:
      - '2023-04-23T18:00:00.686283Z'
      X-Request-Id:
      - 1dc435a1-a557-4252-ac17-186ebd12462e
      X-Runtime:
      - '0.058304'
      X-XSS-Protection:
      - 1; mode=block
    status:
      code: 200
      message: OK
- request:
    body: null
    headers:
      Accept:
      - '*/*'
      Accept-Encoding:
      - gzip, deflate
      Authorization:
      - Bearer __MASTODON_PY_TEST_ACCESS_TOKEN_2
      Connection:
      - keep-alive
      User-Agent:
      - tests/v311
    method: GET
    uri: http://localhost:3000/api/v1/conversations/
  response:
    body:
      string: '[{"id":"6","unread":true,"accounts":[{"id":"110248832373441811","username":"mastodonpy_test","acct":"mastodonpy_test","display_name":"John
        Lennon","locked":true,"bot":false,"discoverable":null,"group":false,"created_at":"2023-04-23T00:00:00.000Z","note":"\u003cp\u003eI
        walk funny\u003c/p\u003e","url":"http://localhost:3000/@mastodonpy_test","avatar":"http://localhost:3000/system/accounts/avatars/110/248/832/373/441/811/original/a3bffa303d66a3f3.jpg","avatar_static":"http://localhost:3000/system/accounts/avatars/110/248/832/373/441/811/original/a3bffa303d66a3f3.jpg","header":"http://localhost:3000/system/accounts/headers/110/248/832/373/441/811/original/9c722424942444ff.jpg","header_static":"http://localhost:3000/system/accounts/headers/110/248/832/373/441/811/original/9c722424942444ff.jpg","followers_count":0,"following_count":0,"statuses_count":6,"last_status_at":"2023-04-23","noindex":false,"emojis":[],"roles":[],"fields":[{"name":"bread","value":"toasty.","verified_at":null},{"name":"lasagna","value":"no!!!","verified_at":null}]}],"last_status":{"id":"110249429345788658","created_at":"2023-04-23T17:59:46.650Z","in_reply_to_id":null,"in_reply_to_account_id":null,"sensitive":false,"spoiler_text":"","visibility":"direct","language":"ja","uri":"http://localhost:3000/users/mastodonpy_test/statuses/110249429345788658","url":"http://localhost:3000/@mastodonpy_test/110249429345788658","replies_count":0,"reblogs_count":0,"favourites_count":0,"edited_at":null,"favourited":false,"reblogged":false,"muted":false,"bookmarked":false,"content":"\u003cp\u003e\u003cspan
        class=\"h-card\"\u003e\u003ca href=\"http://localhost:3000/@admin\" class=\"u-url
        mention\"\u003e@\u003cspan\u003eadmin\u003c/span\u003e\u003c/a\u003e\u003c/span\u003e
        ilu bby ;3\u003c/p\u003e","filtered":[],"reblog":null,"application":{"name":"Mastodon.py
        test suite","website":null},"account":{"id":"110248832373441811","username":"mastodonpy_test","acct":"mastodonpy_test","display_name":"John
        Lennon","locked":true,"bot":false,"discoverable":null,"group":false,"created_at":"2023-04-23T00:00:00.000Z","note":"\u003cp\u003eI
        walk funny\u003c/p\u003e","url":"http://localhost:3000/@mastodonpy_test","avatar":"http://localhost:3000/system/accounts/avatars/110/248/832/373/441/811/original/a3bffa303d66a3f3.jpg","avatar_static":"http://localhost:3000/system/accounts/avatars/110/248/832/373/441/811/original/a3bffa303d66a3f3.jpg","header":"http://localhost:3000/system/accounts/headers/110/248/832/373/441/811/original/9c722424942444ff.jpg","header_static":"http://localhost:3000/system/accounts/headers/110/248/832/373/441/811/original/9c722424942444ff.jpg","followers_count":0,"following_count":0,"statuses_count":6,"last_status_at":"2023-04-23","noindex":false,"emojis":[],"roles":[],"fields":[{"name":"bread","value":"toasty.","verified_at":null},{"name":"lasagna","value":"no!!!","verified_at":null}]},"media_attachments":[],"mentions":[{"id":"110248832095206210","username":"admin","url":"http://localhost:3000/@admin","acct":"admin"}],"tags":[],"emojis":[],"card":null,"poll":null}},{"id":"3","unread":false,"accounts":[{"id":"110248832373441811","username":"mastodonpy_test","acct":"mastodonpy_test","display_name":"John
        Lennon","locked":true,"bot":false,"discoverable":null,"group":false,"created_at":"2023-04-23T00:00:00.000Z","note":"\u003cp\u003eI
        walk funny\u003c/p\u003e","url":"http://localhost:3000/@mastodonpy_test","avatar":"http://localhost:3000/system/accounts/avatars/110/248/832/373/441/811/original/a3bffa303d66a3f3.jpg","avatar_static":"http://localhost:3000/system/accounts/avatars/110/248/832/373/441/811/original/a3bffa303d66a3f3.jpg","header":"http://localhost:3000/system/accounts/headers/110/248/832/373/441/811/original/9c722424942444ff.jpg","header_static":"http://localhost:3000/system/accounts/headers/110/248/832/373/441/811/original/9c722424942444ff.jpg","followers_count":0,"following_count":0,"statuses_count":6,"last_status_at":"2023-04-23","noindex":false,"emojis":[],"roles":[],"fields":[{"name":"bread","value":"toasty.","verified_at":null},{"name":"lasagna","value":"no!!!","verified_at":null}]}],"last_status":{"id":"110249427559877741","created_at":"2023-04-23T17:59:19.399Z","in_reply_to_id":null,"in_reply_to_account_id":null,"sensitive":false,"spoiler_text":"","visibility":"direct","language":"en","uri":"http://localhost:3000/users/admin/statuses/110249427559877741","url":"http://localhost:3000/@admin/110249427559877741","replies_count":0,"reblogs_count":0,"favourites_count":0,"edited_at":null,"favourited":false,"reblogged":false,"muted":false,"bookmarked":false,"content":"\u003cp\u003e\u003cspan
        class=\"h-card\"\u003e\u003ca href=\"http://localhost:3000/@mastodonpy_test\"
        class=\"u-url mention\"\u003e@\u003cspan\u003emastodonpy_test\u003c/span\u003e\u003c/a\u003e\u003c/span\u003e
        todo funny text here\u003c/p\u003e","filtered":[],"reblog":null,"application":{"name":"Mastodon.py
        test suite","website":null},"account":{"id":"110248832095206210","username":"admin","acct":"admin","display_name":"","locked":false,"bot":false,"discoverable":null,"group":false,"created_at":"2023-04-23T00:00:00.000Z","note":"","url":"http://localhost:3000/@admin","avatar":"http://localhost:3000/avatars/original/missing.png","avatar_static":"http://localhost:3000/avatars/original/missing.png","header":"http://localhost:3000/headers/original/missing.png","header_static":"http://localhost:3000/headers/original/missing.png","followers_count":0,"following_count":0,"statuses_count":3,"last_status_at":"2023-04-23","noindex":false,"emojis":[],"roles":[{"id":"3","name":"Owner","color":""}],"fields":[]},"media_attachments":[],"mentions":[{"id":"110248832373441811","username":"mastodonpy_test","url":"http://localhost:3000/@mastodonpy_test","acct":"mastodonpy_test"}],"tags":[],"emojis":[],"card":null,"poll":null}}]'
    headers:
      Cache-Control:
      - private, no-store
      Content-Security-Policy:
      - default-src 'none'; frame-ancestors 'none'; form-action 'none'
      Content-Type:
      - application/json; charset=utf-8
      ETag:
      - W/"75052fd595dc5e4c5cea7d90177b7d45"
      Link:
      - <http://localhost:3000/api/v1/conversations?min_id=110249429345788658>; rel="prev"
      Referrer-Policy:
      - strict-origin-when-cross-origin
      Transfer-Encoding:
      - chunked
      Vary:
      - Accept, Origin
      X-Content-Type-Options:
      - nosniff
      X-Download-Options:
      - noopen
      X-Frame-Options:
      - SAMEORIGIN
      X-Permitted-Cross-Domain-Policies:
      - none
      X-Request-Id:
      - 7c55a7c7-de4f-40ad-b456-1e85e66de313
      X-Runtime:
      - '0.097634'
      X-XSS-Protection:
      - 1; mode=block
    status:
      code: 200
      message: OK
- request:
    body: null
    headers:
      Accept:
      - '*/*'
      Accept-Encoding:
      - gzip, deflate
      Authorization:
      - Bearer __MASTODON_PY_TEST_ACCESS_TOKEN_2
      Connection:
      - keep-alive
      Content-Length:
      - '0'
      User-Agent:
      - tests/v311
    method: POST
    uri: http://localhost:3000/api/v1/conversations/6/read
  response:
    body:
      string: '{"id":"6","unread":false,"accounts":[{"id":"110248832373441811","username":"mastodonpy_test","acct":"mastodonpy_test","display_name":"John
        Lennon","locked":true,"bot":false,"discoverable":null,"group":false,"created_at":"2023-04-23T00:00:00.000Z","note":"\u003cp\u003eI
        walk funny\u003c/p\u003e","url":"http://localhost:3000/@mastodonpy_test","avatar":"http://localhost:3000/system/accounts/avatars/110/248/832/373/441/811/original/a3bffa303d66a3f3.jpg","avatar_static":"http://localhost:3000/system/accounts/avatars/110/248/832/373/441/811/original/a3bffa303d66a3f3.jpg","header":"http://localhost:3000/system/accounts/headers/110/248/832/373/441/811/original/9c722424942444ff.jpg","header_static":"http://localhost:3000/system/accounts/headers/110/248/832/373/441/811/original/9c722424942444ff.jpg","followers_count":0,"following_count":0,"statuses_count":6,"last_status_at":"2023-04-23","noindex":false,"emojis":[],"roles":[],"fields":[{"name":"bread","value":"toasty.","verified_at":null},{"name":"lasagna","value":"no!!!","verified_at":null}]}],"last_status":{"id":"110249429345788658","created_at":"2023-04-23T17:59:46.650Z","in_reply_to_id":null,"in_reply_to_account_id":null,"sensitive":false,"spoiler_text":"","visibility":"direct","language":"ja","uri":"http://localhost:3000/users/mastodonpy_test/statuses/110249429345788658","url":"http://localhost:3000/@mastodonpy_test/110249429345788658","replies_count":0,"reblogs_count":0,"favourites_count":0,"edited_at":null,"favourited":false,"reblogged":false,"muted":false,"bookmarked":false,"content":"\u003cp\u003e\u003cspan
        class=\"h-card\"\u003e\u003ca href=\"http://localhost:3000/@admin\" class=\"u-url
        mention\"\u003e@\u003cspan\u003eadmin\u003c/span\u003e\u003c/a\u003e\u003c/span\u003e
        ilu bby ;3\u003c/p\u003e","filtered":[],"reblog":null,"application":{"name":"Mastodon.py
        test suite","website":null},"account":{"id":"110248832373441811","username":"mastodonpy_test","acct":"mastodonpy_test","display_name":"John
        Lennon","locked":true,"bot":false,"discoverable":null,"group":false,"created_at":"2023-04-23T00:00:00.000Z","note":"\u003cp\u003eI
        walk funny\u003c/p\u003e","url":"http://localhost:3000/@mastodonpy_test","avatar":"http://localhost:3000/system/accounts/avatars/110/248/832/373/441/811/original/a3bffa303d66a3f3.jpg","avatar_static":"http://localhost:3000/system/accounts/avatars/110/248/832/373/441/811/original/a3bffa303d66a3f3.jpg","header":"http://localhost:3000/system/accounts/headers/110/248/832/373/441/811/original/9c722424942444ff.jpg","header_static":"http://localhost:3000/system/accounts/headers/110/248/832/373/441/811/original/9c722424942444ff.jpg","followers_count":0,"following_count":0,"statuses_count":6,"last_status_at":"2023-04-23","noindex":false,"emojis":[],"roles":[],"fields":[{"name":"bread","value":"toasty.","verified_at":null},{"name":"lasagna","value":"no!!!","verified_at":null}]},"media_attachments":[],"mentions":[{"id":"110248832095206210","username":"admin","url":"http://localhost:3000/@admin","acct":"admin"}],"tags":[],"emojis":[],"card":null,"poll":null}}'
    headers:
      Cache-Control:
      - private, no-store
      Content-Security-Policy:
      - default-src 'none'; frame-ancestors 'none'; form-action 'none'
      Content-Type:
      - application/json; charset=utf-8
      ETag:
      - W/"fd76f67fb2f41064c3581f48fea343e7"
      Referrer-Policy:
      - strict-origin-when-cross-origin
      Transfer-Encoding:
      - chunked
      Vary:
      - Accept, Origin
      X-Content-Type-Options:
      - nosniff
      X-Download-Options:
      - noopen
      X-Frame-Options:
      - SAMEORIGIN
      X-Permitted-Cross-Domain-Policies:
      - none
      X-Request-Id:
      - 3019954a-ce56-4029-9a22-6ed686ba4446
      X-Runtime:
      - '0.050519'
      X-XSS-Protection:
      - 1; mode=block
    status:
      code: 200
      message: OK
- request:
    body: null
    headers:
      Accept:
      - '*/*'
      Accept-Encoding:
      - gzip, deflate
      Authorization:
      - Bearer __MASTODON_PY_TEST_ACCESS_TOKEN_2
      Connection:
      - keep-alive
      User-Agent:
      - tests/v311
    method: GET
    uri: http://localhost:3000/api/v1/conversations/
  response:
    body:
      string: '[{"id":"6","unread":false,"accounts":[{"id":"110248832373441811","username":"mastodonpy_test","acct":"mastodonpy_test","display_name":"John
        Lennon","locked":true,"bot":false,"discoverable":null,"group":false,"created_at":"2023-04-23T00:00:00.000Z","note":"\u003cp\u003eI
        walk funny\u003c/p\u003e","url":"http://localhost:3000/@mastodonpy_test","avatar":"http://localhost:3000/system/accounts/avatars/110/248/832/373/441/811/original/a3bffa303d66a3f3.jpg","avatar_static":"http://localhost:3000/system/accounts/avatars/110/248/832/373/441/811/original/a3bffa303d66a3f3.jpg","header":"http://localhost:3000/system/accounts/headers/110/248/832/373/441/811/original/9c722424942444ff.jpg","header_static":"http://localhost:3000/system/accounts/headers/110/248/832/373/441/811/original/9c722424942444ff.jpg","followers_count":0,"following_count":0,"statuses_count":6,"last_status_at":"2023-04-23","noindex":false,"emojis":[],"roles":[],"fields":[{"name":"bread","value":"toasty.","verified_at":null},{"name":"lasagna","value":"no!!!","verified_at":null}]}],"last_status":{"id":"110249429345788658","created_at":"2023-04-23T17:59:46.650Z","in_reply_to_id":null,"in_reply_to_account_id":null,"sensitive":false,"spoiler_text":"","visibility":"direct","language":"ja","uri":"http://localhost:3000/users/mastodonpy_test/statuses/110249429345788658","url":"http://localhost:3000/@mastodonpy_test/110249429345788658","replies_count":0,"reblogs_count":0,"favourites_count":0,"edited_at":null,"favourited":false,"reblogged":false,"muted":false,"bookmarked":false,"content":"\u003cp\u003e\u003cspan
        class=\"h-card\"\u003e\u003ca href=\"http://localhost:3000/@admin\" class=\"u-url
        mention\"\u003e@\u003cspan\u003eadmin\u003c/span\u003e\u003c/a\u003e\u003c/span\u003e
        ilu bby ;3\u003c/p\u003e","filtered":[],"reblog":null,"application":{"name":"Mastodon.py
        test suite","website":null},"account":{"id":"110248832373441811","username":"mastodonpy_test","acct":"mastodonpy_test","display_name":"John
        Lennon","locked":true,"bot":false,"discoverable":null,"group":false,"created_at":"2023-04-23T00:00:00.000Z","note":"\u003cp\u003eI
        walk funny\u003c/p\u003e","url":"http://localhost:3000/@mastodonpy_test","avatar":"http://localhost:3000/system/accounts/avatars/110/248/832/373/441/811/original/a3bffa303d66a3f3.jpg","avatar_static":"http://localhost:3000/system/accounts/avatars/110/248/832/373/441/811/original/a3bffa303d66a3f3.jpg","header":"http://localhost:3000/system/accounts/headers/110/248/832/373/441/811/original/9c722424942444ff.jpg","header_static":"http://localhost:3000/system/accounts/headers/110/248/832/373/441/811/original/9c722424942444ff.jpg","followers_count":0,"following_count":0,"statuses_count":6,"last_status_at":"2023-04-23","noindex":false,"emojis":[],"roles":[],"fields":[{"name":"bread","value":"toasty.","verified_at":null},{"name":"lasagna","value":"no!!!","verified_at":null}]},"media_attachments":[],"mentions":[{"id":"110248832095206210","username":"admin","url":"http://localhost:3000/@admin","acct":"admin"}],"tags":[],"emojis":[],"card":null,"poll":null}},{"id":"3","unread":false,"accounts":[{"id":"110248832373441811","username":"mastodonpy_test","acct":"mastodonpy_test","display_name":"John
        Lennon","locked":true,"bot":false,"discoverable":null,"group":false,"created_at":"2023-04-23T00:00:00.000Z","note":"\u003cp\u003eI
        walk funny\u003c/p\u003e","url":"http://localhost:3000/@mastodonpy_test","avatar":"http://localhost:3000/system/accounts/avatars/110/248/832/373/441/811/original/a3bffa303d66a3f3.jpg","avatar_static":"http://localhost:3000/system/accounts/avatars/110/248/832/373/441/811/original/a3bffa303d66a3f3.jpg","header":"http://localhost:3000/system/accounts/headers/110/248/832/373/441/811/original/9c722424942444ff.jpg","header_static":"http://localhost:3000/system/accounts/headers/110/248/832/373/441/811/original/9c722424942444ff.jpg","followers_count":0,"following_count":0,"statuses_count":6,"last_status_at":"2023-04-23","noindex":false,"emojis":[],"roles":[],"fields":[{"name":"bread","value":"toasty.","verified_at":null},{"name":"lasagna","value":"no!!!","verified_at":null}]}],"last_status":{"id":"110249427559877741","created_at":"2023-04-23T17:59:19.399Z","in_reply_to_id":null,"in_reply_to_account_id":null,"sensitive":false,"spoiler_text":"","visibility":"direct","language":"en","uri":"http://localhost:3000/users/admin/statuses/110249427559877741","url":"http://localhost:3000/@admin/110249427559877741","replies_count":0,"reblogs_count":0,"favourites_count":0,"edited_at":null,"favourited":false,"reblogged":false,"muted":false,"bookmarked":false,"content":"\u003cp\u003e\u003cspan
        class=\"h-card\"\u003e\u003ca href=\"http://localhost:3000/@mastodonpy_test\"
        class=\"u-url mention\"\u003e@\u003cspan\u003emastodonpy_test\u003c/span\u003e\u003c/a\u003e\u003c/span\u003e
        todo funny text here\u003c/p\u003e","filtered":[],"reblog":null,"application":{"name":"Mastodon.py
        test suite","website":null},"account":{"id":"110248832095206210","username":"admin","acct":"admin","display_name":"","locked":false,"bot":false,"discoverable":null,"group":false,"created_at":"2023-04-23T00:00:00.000Z","note":"","url":"http://localhost:3000/@admin","avatar":"http://localhost:3000/avatars/original/missing.png","avatar_static":"http://localhost:3000/avatars/original/missing.png","header":"http://localhost:3000/headers/original/missing.png","header_static":"http://localhost:3000/headers/original/missing.png","followers_count":0,"following_count":0,"statuses_count":3,"last_status_at":"2023-04-23","noindex":false,"emojis":[],"roles":[{"id":"3","name":"Owner","color":""}],"fields":[]},"media_attachments":[],"mentions":[{"id":"110248832373441811","username":"mastodonpy_test","url":"http://localhost:3000/@mastodonpy_test","acct":"mastodonpy_test"}],"tags":[],"emojis":[],"card":null,"poll":null}}]'
    headers:
      Cache-Control:
      - private, no-store
      Content-Security-Policy:
      - default-src 'none'; frame-ancestors 'none'; form-action 'none'
      Content-Type:
      - application/json; charset=utf-8
      ETag:
      - W/"de45c2e8fa09147bbc6b2697d9e4fa23"
      Link:
      - <http://localhost:3000/api/v1/conversations?min_id=110249429345788658>; rel="prev"
      Referrer-Policy:
      - strict-origin-when-cross-origin
      Transfer-Encoding:
      - chunked
      Vary:
      - Accept, Origin
      X-Content-Type-Options:
      - nosniff
      X-Download-Options:
      - noopen
      X-Frame-Options:
      - SAMEORIGIN
      X-Permitted-Cross-Domain-Policies:
      - none
      X-Request-Id:
      - f23990e3-a05a-4660-a5a5-7581b8042924
      X-Runtime:
      - '0.061675'
      X-XSS-Protection:
      - 1; mode=block
    status:
      code: 200
      message: OK
- request:
    body: null
    headers:
      Accept:
      - '*/*'
      Accept-Encoding:
      - gzip, deflate
      Authorization:
      - Bearer __MASTODON_PY_TEST_ACCESS_TOKEN
      Connection:
      - keep-alive
      Content-Length:
      - '0'
      User-Agent:
      - tests/v311
    method: DELETE
    uri: http://localhost:3000/api/v1/statuses/110249429345788658
  response:
    body:
      string: '{"id":"110249429345788658","created_at":"2023-04-23T17:59:46.650Z","in_reply_to_id":null,"in_reply_to_account_id":null,"sensitive":false,"spoiler_text":"","visibility":"direct","language":"ja","uri":"http://localhost:3000/users/mastodonpy_test/statuses/110249429345788658","url":"http://localhost:3000/@mastodonpy_test/110249429345788658","replies_count":0,"reblogs_count":0,"favourites_count":0,"edited_at":null,"favourited":false,"reblogged":false,"muted":false,"bookmarked":false,"text":"@admin
        ilu bby ;3","filtered":[],"reblog":null,"application":{"name":"Mastodon.py
        test suite","website":null},"account":{"id":"110248832373441811","username":"mastodonpy_test","acct":"mastodonpy_test","display_name":"John
        Lennon","locked":true,"bot":false,"discoverable":null,"group":false,"created_at":"2023-04-23T00:00:00.000Z","note":"\u003cp\u003eI
        walk funny\u003c/p\u003e","url":"http://localhost:3000/@mastodonpy_test","avatar":"http://localhost:3000/system/accounts/avatars/110/248/832/373/441/811/original/a3bffa303d66a3f3.jpg","avatar_static":"http://localhost:3000/system/accounts/avatars/110/248/832/373/441/811/original/a3bffa303d66a3f3.jpg","header":"http://localhost:3000/system/accounts/headers/110/248/832/373/441/811/original/9c722424942444ff.jpg","header_static":"http://localhost:3000/system/accounts/headers/110/248/832/373/441/811/original/9c722424942444ff.jpg","followers_count":0,"following_count":0,"statuses_count":5,"last_status_at":"2023-04-23","noindex":false,"emojis":[],"roles":[],"fields":[{"name":"bread","value":"toasty.","verified_at":null},{"name":"lasagna","value":"no!!!","verified_at":null}]},"media_attachments":[],"mentions":[{"id":"110248832095206210","username":"admin","url":"http://localhost:3000/@admin","acct":"admin"}],"tags":[],"emojis":[],"card":null,"poll":null}'
    headers:
      Cache-Control:
      - private, no-store
      Content-Security-Policy:
      - default-src 'none'; frame-ancestors 'none'; form-action 'none'
      Content-Type:
      - application/json; charset=utf-8
      ETag:
      - W/"2101a959981c19c47799eb2d001f2da6"
      Referrer-Policy:
      - strict-origin-when-cross-origin
      Transfer-Encoding:
      - chunked
      Vary:
      - Accept, Origin
      X-Content-Type-Options:
      - nosniff
      X-Download-Options:
      - noopen
      X-Frame-Options:
      - SAMEORIGIN
      X-Permitted-Cross-Domain-Policies:
      - none
      X-Request-Id:
      - 5be4a1c7-c62c-48f7-804a-f0b9875f280c
      X-Runtime:
      - '0.043045'
      X-XSS-Protection:
      - 1; mode=block
    status:
      code: 200
      message: OK
version: 1
